// Jest Snapshot v1, https://goo.gl/fbAQLP

exports[`Test post comportamiento del boton 1`] = `
"
  <div class=\\"cabeceraHome\\">  
  <div class=\\"topHome\\">
  <div class=\\"layerHome\\">
  <img src=\\"img/encounter-logo.png\\" alt=\\"Encounter, the feminist sound space\\">
  </div>
  </div>
  </div>
  <div class=\\"main\\">
  <h1 class=\\"welcome\\">Bienvenida, comparte tus publicaciones aquí:</h1>
  <div class=\\"bodyHome\\">
  <div class=\\"loginHome\\"></div>
  </div>
  <form id=\\"post-form\\">
  <div>
  <textarea id=\\"post-title\\" autofocus=\\"\\" required=\\"\\"></textarea>
  </div>
  <div>
  <textarea id=\\"post-description\\" required=\\"\\"></textarea>
  </div>
  <button id=\\"btn-post-form\\">SAVE</button>
  </form>
  <div id=\\"postConteiner\\">
  <div id=\\"postContainer\\">
  <div id=\\"btnContenedor\\" class=\\"btnContenedor\\">
  <p id=\\"btn\\">...</p>
  <div id=\\"btnLista\\" class=\\"btnLista\\">
  <li id=\\"btnEdits\\" class=\\"btnEdit\\" data-id=\\"dhdshjdhs32736743\\">Edit</li>
  <li id=\\"btnDeletes\\" class=\\"btnDelete\\" data-id=\\"dhdshjdhs32736743\\">Delete</li>              
  </div>
  </div>
  <div class=\\"postPlace\\">
  <h3 id=\\"postTitle\\">test</h3>
  <p id=\\"postDescription\\">Aquí el mensaje de tu post</p>
  </div>
  <div class=\\"containerLikeBtn\\">
  <button id=\\"likeBtn\\" class=\\"likeButtons\\" data-id=\\"dhdshjdhs32736743\\">
  <i class=\\"fa fa-thumbs-up\\"></i>
  </button>
  <div class=\\"inputLikes\\" data-id=\\"dhdshjdhs32736743\\">0</div>
  </div>
  </div>
  </div>
  </div>
  <p id=\\"signOutBtn\\">SING OFF</p>
  <footer id=\\"footer-home\\"><b>encounter</b>, the feminist sound space</footer>
  "
`;

exports[`Test post comportamiento del botton like 1`] = `
"
  <div class=\\"cabeceraHome\\">  
  <div class=\\"topHome\\">
  <div class=\\"layerHome\\">
  <img src=\\"img/encounter-logo.png\\" alt=\\"Encounter, the feminist sound space\\">
  </div>
  </div>
  </div>
  <div class=\\"main\\">
  <h1 class=\\"welcome\\">Bienvenida, comparte tus publicaciones aquí:</h1>
  <div class=\\"bodyHome\\">
  <div class=\\"loginHome\\"></div>
  </div>
  <form id=\\"post-form\\">
  <div>
  <textarea id=\\"post-title\\" autofocus=\\"\\" required=\\"\\"></textarea>
  </div>
  <div>
  <textarea id=\\"post-description\\" required=\\"\\"></textarea>
  </div>
  <button id=\\"btn-post-form\\">SAVE</button>
  </form>
  <div id=\\"postConteiner\\">
  <div id=\\"postContainer\\">
  <div id=\\"btnContenedor\\" class=\\"btnContenedor\\">
  <p id=\\"btn\\">...</p>
  <div id=\\"btnLista\\" class=\\"btnLista\\">
  <li id=\\"btnEdits\\" class=\\"btnEdit\\" data-id=\\"dhdshjdhs32736743\\">Edit</li>
  <li id=\\"btnDeletes\\" class=\\"btnDelete\\" data-id=\\"dhdshjdhs32736743\\">Delete</li>              
  </div>
  </div>
  <div class=\\"postPlace\\">
  <h3 id=\\"postTitle\\">test</h3>
  <p id=\\"postDescription\\">Aquí el mensaje de tu post</p>
  </div>
  <div class=\\"containerLikeBtn\\">
  <button id=\\"likeBtn\\" class=\\"likeButtons\\" data-id=\\"dhdshjdhs32736743\\">
  <i class=\\"fa fa-thumbs-up\\"></i>
  </button>
  <div class=\\"inputLikes\\" data-id=\\"dhdshjdhs32736743\\">0</div>
  </div>
  </div>
  </div>
  </div>
  <p id=\\"signOutBtn\\">SING OFF</p>
  <footer id=\\"footer-home\\"><b>encounter</b>, the feminist sound space</footer>
  "
`;

exports[`Test post comportamiento del botton signOut 1`] = `
"
  <div class=\\"cabeceraHome\\">  
  <div class=\\"topHome\\">
  <div class=\\"layerHome\\">
  <img src=\\"img/encounter-logo.png\\" alt=\\"Encounter, the feminist sound space\\">
  </div>
  </div>
  </div>
  <div class=\\"main\\">
  <h1 class=\\"welcome\\">Bienvenida, comparte tus publicaciones aquí:</h1>
  <div class=\\"bodyHome\\">
  <div class=\\"loginHome\\"></div>
  </div>
  <form id=\\"post-form\\">
  <div>
  <textarea id=\\"post-title\\" autofocus=\\"\\" required=\\"\\"></textarea>
  </div>
  <div>
  <textarea id=\\"post-description\\" required=\\"\\"></textarea>
  </div>
  <button id=\\"btn-post-form\\">SAVE</button>
  </form>
  <div id=\\"postConteiner\\">
  <div id=\\"postContainer\\">
  <div id=\\"btnContenedor\\" class=\\"btnContenedor\\">
  <p id=\\"btn\\">...</p>
  <div id=\\"btnLista\\" class=\\"btnLista\\">
  <li id=\\"btnEdits\\" class=\\"btnEdit\\" data-id=\\"dhdshjdhs32736743\\">Edit</li>
  <li id=\\"btnDeletes\\" class=\\"btnDelete\\" data-id=\\"dhdshjdhs32736743\\">Delete</li>              
  </div>
  </div>
  <div class=\\"postPlace\\">
  <h3 id=\\"postTitle\\">test</h3>
  <p id=\\"postDescription\\">Aquí el mensaje de tu post</p>
  </div>
  <div class=\\"containerLikeBtn\\">
  <button id=\\"likeBtn\\" class=\\"likeButtons\\" data-id=\\"dhdshjdhs32736743\\">
  <i class=\\"fa fa-thumbs-up\\"></i>
  </button>
  <div class=\\"inputLikes\\" data-id=\\"dhdshjdhs32736743\\">0</div>
  </div>
  </div>
  </div>
  </div>
  <p id=\\"signOutBtn\\">SING OFF</p>
  <footer id=\\"footer-home\\"><b>encounter</b>, the feminist sound space</footer>
  "
`;

exports[`Test post debe renderizar likePost 1`] = `
"
  <div class=\\"cabeceraHome\\">  
  <div class=\\"topHome\\">
  <div class=\\"layerHome\\">
  <img src=\\"img/encounter-logo.png\\" alt=\\"Encounter, the feminist sound space\\">
  </div>
  </div>
  </div>
  <div class=\\"main\\">
  <h1 class=\\"welcome\\">Bienvenida, comparte tus publicaciones aquí:</h1>
  <div class=\\"bodyHome\\">
  <div class=\\"loginHome\\"></div>
  </div>
  <form id=\\"post-form\\">
  <div>
  <textarea id=\\"post-title\\" autofocus=\\"\\" required=\\"\\"></textarea>
  </div>
  <div>
  <textarea id=\\"post-description\\" required=\\"\\"></textarea>
  </div>
  <button id=\\"btn-post-form\\">SAVE</button>
  </form>
  <div id=\\"postConteiner\\">
  <div id=\\"postContainer\\">
  <div id=\\"btnContenedor\\" class=\\"btnContenedor\\">
  <p id=\\"btn\\">...</p>
  <div id=\\"btnLista\\" class=\\"btnLista\\">
  <li id=\\"btnEdits\\" class=\\"btnEdit\\" data-id=\\"dhdshjdhs32736743\\">Edit</li>
  <li id=\\"btnDeletes\\" class=\\"btnDelete\\" data-id=\\"dhdshjdhs32736743\\">Delete</li>              
  </div>
  </div>
  <div class=\\"postPlace\\">
  <h3 id=\\"postTitle\\">test</h3>
  <p id=\\"postDescription\\">Aquí el mensaje de tu post</p>
  </div>
  <div class=\\"containerLikeBtn\\">
  <button id=\\"likeBtn\\" class=\\"likeButtons\\" data-id=\\"dhdshjdhs32736743\\">
  <i class=\\"fa fa-thumbs-up\\"></i>
  </button>
  <div class=\\"inputLikes\\" data-id=\\"dhdshjdhs32736743\\">0</div>
  </div>
  </div>
  </div>
  </div>
  <p id=\\"signOutBtn\\">SING OFF</p>
  <footer id=\\"footer-home\\"><b>encounter</b>, the feminist sound space</footer>
  "
`;

exports[`Test post deberia renderizar 1`] = `
"
  <div class=\\"cabeceraHome\\">  
  <div class=\\"topHome\\">
  <div class=\\"layerHome\\">
  <img src=\\"img/encounter-logo.png\\" alt=\\"Encounter, the feminist sound space\\">
  </div>
  </div>
  </div>
  <div class=\\"main\\">
  <h1 class=\\"welcome\\">Bienvenida, comparte tus publicaciones aquí:</h1>
  <div class=\\"bodyHome\\">
  <div class=\\"loginHome\\"></div>
  </div>
  <form id=\\"post-form\\">
  <div>
  <textarea id=\\"post-title\\" autofocus=\\"\\" required=\\"\\"></textarea>
  </div>
  <div>
  <textarea id=\\"post-description\\" required=\\"\\"></textarea>
  </div>
  <button id=\\"btn-post-form\\">SAVE</button>
  </form>
  <div id=\\"postConteiner\\">
  <div id=\\"postContainer\\">
  <div id=\\"btnContenedor\\" class=\\"btnContenedor\\">
  <p id=\\"btn\\">...</p>
  <div id=\\"btnLista\\" class=\\"btnLista\\">
  <li id=\\"btnEdits\\" class=\\"btnEdit\\" data-id=\\"dhdshjdhs32736743\\">Edit</li>
  <li id=\\"btnDeletes\\" class=\\"btnDelete\\" data-id=\\"dhdshjdhs32736743\\">Delete</li>              
  </div>
  </div>
  <div class=\\"postPlace\\">
  <h3 id=\\"postTitle\\">test</h3>
  <p id=\\"postDescription\\">Aquí el mensaje de tu post</p>
  </div>
  <div class=\\"containerLikeBtn\\">
  <button id=\\"likeBtn\\" class=\\"likeButtons\\" data-id=\\"dhdshjdhs32736743\\">
  <i class=\\"fa fa-thumbs-up\\"></i>
  </button>
  <div class=\\"inputLikes\\" data-id=\\"dhdshjdhs32736743\\">0</div>
  </div>
  </div>
  </div>
  </div>
  <p id=\\"signOutBtn\\">SING OFF</p>
  <footer id=\\"footer-home\\"><b>encounter</b>, the feminist sound space</footer>
  "
`;
